File '' not found
File '' not found
File '' not found
File '' not found
File '' not found
